card_id: 40640088
name:    Mana Efficiency
effects: 2
--
[effect 0]
  effect_type = 0x00000010
  category    = 0x00000000
  code        = 0x000003ea
  property    = 0x00000000
  range       = 0x00000000
  count_limit = (1, 0x026c1e58)
  has_condition = false
  has_cost      = false
  has_target    = false
  has_operation = true
[effect 1]
  effect_type = 0x00000002
  category    = 0x00000000
  code        = 0x00000002
  property    = 0x00000000
  range       = 0x00000008
  has_condition = false
  has_cost      = false
  has_target    = false
  has_operation = false
