card_id: 40640134
name:    Thorn Beast
effects: 2
--
[effect 0]
  effect_type = 0x00000201
  category    = 0x00080000
  code        = 0x00000405
  property    = 0x00000000
  range       = 0x00000000
  has_condition = true
  has_cost      = false
  has_target    = false
  has_operation = true
[effect 1]
  effect_type = 0x00000082
  category    = 0x00000200
  code        = 0x0000044c
  property    = 0x00010000
  range       = 0x00000004
  count_limit = (1, 0x026c1e86)
  has_condition = true
  has_cost      = false
  has_target    = false
  has_operation = true
