card_id: 40640079
name:    Memory Sentinel
effects: 2
--
[effect 0]
  effect_type = 0x00000202
  category    = 0x00000000
  code        = 0x0000044c
  property    = 0x00000000
  range       = 0x00000004
  has_condition = true
  has_cost      = false
  has_target    = false
  has_operation = true
[effect 1]
  effect_type = 0x00000081
  category    = 0x00100000
  code        = 0x000003f6
  property    = 0x00000000
  range       = 0x00000000
  has_condition = true
  has_cost      = false
  has_target    = false
  has_operation = true
