card_id: 40640071
name:    Spell Power Source
effects: 4
--
[effect 0]
  effect_type = 0x00000010
  category    = 0x00800000
  code        = 0x0000044f
  property    = 0x00000000
  range       = 0x00000000
  has_condition = true
  has_cost      = false
  has_target    = false
  has_operation = true
[effect 1]
  effect_type = 0x00000010
  category    = 0x00800000
  code        = 0x00000450
  property    = 0x00000000
  range       = 0x00000000
  has_condition = true
  has_cost      = false
  has_target    = false
  has_operation = true
[effect 2]
  effect_type = 0x00000010
  category    = 0x00800000
  code        = 0x00000451
  property    = 0x00000000
  range       = 0x00000000
  has_condition = true
  has_cost      = false
  has_target    = false
  has_operation = true
[effect 3]
  effect_type = 0x00000010
  category    = 0x00100000
  code        = 0x00001002
  property    = 0x00000000
  range       = 0x00000000
  has_condition = true
  has_cost      = false
  has_target    = false
  has_operation = true
