card_id: 40640078
name:    Echo Caller
effects: 2
--
[effect 0]
  effect_type = 0x00000202
  category    = 0x00010000
  code        = 0x0000044c
  property    = 0x00000000
  range       = 0x00000004
  has_condition = true
  has_cost      = false
  has_target    = false
  has_operation = true
[effect 1]
  effect_type = 0x00000082
  category    = 0x00020008
  code        = 0x000003ea
  property    = 0x00010000
  range       = 0x00000004
  count_limit = (1, 0x026c1e4e)
  has_condition = true
  has_cost      = true
  has_target    = false
  has_operation = true
