card_id: 40640112
name:    Gravekeeper Colossus
effects: 1
--
[effect 0]
  effect_type = 0x00000040
  category    = 0x00000000
  code        = 0x00000000
  property    = 0x00000000
  range       = 0x00000004
  count_limit = (1, 0x026c1e70)
  has_condition = true
  has_cost      = true
  has_target    = false
  has_operation = true
