card_id: 40640061
name:    Selection Test Spell
effects: 1
--
[effect 0]
  effect_type = 0x00000010
  category    = 0x00000001
  code        = 0x000003ea
  property    = 0x00000000
  range       = 0x00000000
  has_condition = false
  has_cost      = false
  has_target    = false
  has_operation = true
