card_id: 40640116
name:    Storm General
effects: 4
--
[effect 0]
  effect_type = 0x00000002
  category    = 0x00000000
  code        = 0x00000002
  property    = 0x00000000
  range       = 0x00000004
  has_condition = false
  has_cost      = false
  has_target    = false
  has_operation = false
[effect 1]
  effect_type = 0x00000040
  category    = 0x00000000
  code        = 0x00000000
  property    = 0x00000000
  range       = 0x00000004
  count_limit = (1, 0x026c1e74)
  has_condition = false
  has_cost      = true
  has_target    = false
  has_operation = true
[effect 2]
  effect_type = 0x00000100
  category    = 0x00004000
  code        = 0x00000403
  property    = 0x00000000
  range       = 0x00000002
  count_limit = (1, 0x026c1e74)
  has_condition = true
  has_cost      = true
  has_target    = false
  has_operation = true
[effect 3]
  effect_type = 0x00000201
  category    = 0x00000200
  code        = 0x00000405
  property    = 0x00000000
  range       = 0x00000000
  has_condition = true
  has_cost      = false
  has_target    = false
  has_operation = true
