card_id: 40640099
name:    Elemental Fusion Beast
effects: 3
--
[effect 0]
  effect_type = 0x00000002
  category    = 0x00000000
  code        = 0x00000022
  property    = 0x00000000
  range       = 0x00000040
  has_condition = false
  has_cost      = false
  has_target    = false
  has_operation = false
[effect 1]
  effect_type = 0x00000202
  category    = 0x00010000
  code        = 0x0000044e
  property    = 0x00000000
  range       = 0x00000004
  count_limit = (1, 0x026c1e63)
  has_condition = true
  has_cost      = false
  has_target    = false
  has_operation = true
[effect 2]
  effect_type = 0x00000202
  category    = 0x00000008
  code        = 0x000003f7
  property    = 0x00000000
  range       = 0x00000004
  has_condition = true
  has_cost      = false
  has_target    = false
  has_operation = true
