card_id: 40640120
name:    Purifying Radiance
effects: 1
--
[effect 0]
  effect_type = 0x00000010
  category    = 0x00100001
  code        = 0x000003ea
  property    = 0x00000000
  range       = 0x00000000
  count_limit = (1, 0x026c1e78)
  has_condition = false
  has_cost      = false
  has_target    = false
  has_operation = true
