card_id: 40640094
name:    Stardust Sentinel
effects: 3
--
[effect 0]
  effect_type = 0x00000002
  category    = 0x00000000
  code        = 0x00000022
  property    = 0x00000000
  range       = 0x00000040
  has_condition = false
  has_cost      = false
  has_target    = false
  has_operation = false
[effect 1]
  effect_type = 0x00000100
  category    = 0x10000001
  code        = 0x00000403
  property    = 0x00000000
  range       = 0x00000004
  has_condition = true
  has_cost      = true
  has_target    = false
  has_operation = true
[effect 2]
  effect_type = 0x00000082
  category    = 0x00000200
  code        = 0x00001200
  property    = 0x00010000
  range       = 0x00000010
  has_condition = true
  has_cost      = false
  has_target    = false
  has_operation = true
