card_id: 40640082
name:    Trifold Magician
effects: 1
--
[effect 0]
  effect_type = 0x00000082
  category    = 0x00802200
  code        = 0x0000044e
  property    = 0x00000000
  range       = 0x00000004
  count_limit = (1, 0x026c1e52)
  has_condition = true
  has_cost      = false
  has_target    = false
  has_operation = true
