card_id: 40640114
name:    Last Stand Soldier
effects: 1
--
[effect 0]
  effect_type = 0x00000040
  category    = 0x00000000
  code        = 0x00000000
  property    = 0x00000000
  range       = 0x00000004
  count_limit = (1, 0x026c1e72)
  has_condition = true
  has_cost      = false
  has_target    = false
  has_operation = true
