card_id: 40640097
name:    Circuit Serpent
effects: 2
--
[effect 0]
  effect_type = 0x00000002
  category    = 0x00000000
  code        = 0x00000022
  property    = 0x00000000
  range       = 0x00000040
  has_condition = false
  has_cost      = false
  has_target    = false
  has_operation = false
[effect 1]
  effect_type = 0x00000202
  category    = 0x00010000
  code        = 0x0000044e
  property    = 0x00000000
  range       = 0x00000004
  count_limit = (1, 0x026c1e61)
  has_condition = true
  has_cost      = false
  has_target    = false
  has_operation = true
