card_id: 40640089
name:    Spirit Sentinel
effects: 2
--
[effect 0]
  effect_type = 0x00000202
  category    = 0x00000008
  code        = 0x00001200
  property    = 0x00000000
  range       = 0x00000004
  has_condition = true
  has_cost      = false
  has_target    = false
  has_operation = true
[effect 1]
  effect_type = 0x00000100
  category    = 0x10000001
  code        = 0x00000403
  property    = 0x00000000
  range       = 0x00000002
  has_condition = true
  has_cost      = true
  has_target    = false
  has_operation = true
