card_id: 5318639
name:    Mystical Space Typhoon
effects: 1
--
[effect 0]
  effect_type = 0x00000010
  category    = 0x00000001
  code        = 0x000003ea
  property    = 0x00000010
  range       = 0x00000000
  has_condition = false
  has_cost      = false
  has_target    = true
  has_operation = true
